<html>
<body>
<pre>
<h1>µVision Build Log</h1>
<h2>Tool Versions:</h2>
IDE-Version: ¦ÌVision V5.24.2.0
Copyright (C) 2017 ARM Ltd and ARM Germany GmbH. All rights reserved.
License Information: m Microsoft, Microsoft, LIC=Y2BVE-5BD8Z-672RS-LK0TA-S84HK-RMFBD
 
Tool Versions:
Toolchain:       MDK-ARM Professional  Version: 5.24.1
Toolchain Path:  C:\Keil_v5\ARM\ARMCC\Bin
C Compiler:      Armcc.exe V5.06 update 5 (build 528)
Assembler:       Armasm.exe V5.06 update 5 (build 528)
Linker/Locator:  ArmLink.exe V5.06 update 5 (build 528)
Library Manager: ArmAr.exe V5.06 update 5 (build 528)
Hex Converter:   FromElf.exe V5.06 update 5 (build 528)
CPU DLL:         SARMCM3.DLL V5.24.1
Dialog DLL:      DARMSTM.DLL V1.68.0.0
Target DLL:      UL2CM3.DLL V1.160.3.0
Dialog DLL:      TARMSTM.DLL V1.66.0.0
 
<h2>Project:</h2>
E:\STM32_Project\Display\LCD_JL_19296\USER\test.uvproj
Project File Date:  06/24/2019

<h2>Output:</h2>
*** Using Compiler 'V5.06 update 5 (build 528)', folder: 'C:\Keil_v5\ARM\ARMCC\Bin'
Rebuild target 'Target 1'
compiling sys.c...
compiling stm32f10x_it.c...
compiling misc.c...
compiling stm32f10x_can.c...
compiling stm32f10x_adc.c...
compiling main.c...
..\MY\lcd\lcd.h(68): warning:  #1295-D: Deprecated declaration waitkey - give arg types
  void waitkey();
..\MY\lcd\lcd.h(74): warning:  #1295-D: Deprecated declaration initial_lcd - give arg types
  void initial_lcd();
..\MY\lcd\lcd.h(79): warning:  #1295-D: Deprecated declaration clear_screen - give arg types
  void clear_screen();
..\MY\lcd\lcd.h(118): warning:  #1295-D: Deprecated declaration get_data_from_ROM - give arg types
  static 
char get_data_from_ROM( );
main.c(76): warning:  #177-D: variable "ADC_ConvertedValueLocal"  was declared but never referenced
  	uint16_t ADC_ConvertedValueLocal,ADC_ConvertedValueLocal2; 
main.c(76): warning:  #550-D: variable "ADC_ConvertedValueLocal2"  was set but never used
  	uint16_t ADC_ConvertedValueLocal,ADC_ConvertedValueLocal2; 
main.c: 6 warnings, 0 errors
compiling stm32f10x_bkp.c...
compiling stm32f10x_cec.c...
compiling stm32f10x_dac.c...
compiling stm32f10x_crc.c...
compiling stm32f10x_dbgmcu.c...
compiling stm32f10x_exti.c...
compiling stm32f10x_dma.c...
compiling stm32f10x_flash.c...
compiling stm32f10x_iwdg.c...
compiling stm32f10x_gpio.c...
compiling stm32f10x_rtc.c...
compiling stm32f10x_i2c.c...
compiling stm32f10x_fsmc.c...
compiling stm32f10x_pwr.c...
compiling stm32f10x_rcc.c...
compiling core_cm3.c...
compiling stm32f10x_sdio.c...
compiling stm32f10x_spi.c...
compiling stm32f10x_usart.c...
compiling stm32f10x_wwdg.c...
compiling system_stm32f10x.c...
assembling startup_stm32f10x_hd.s...
compiling stm32f10x_tim.c...
compiling delay.c...
compiling led.c...
compiling adc.c...
compiling chinese_code.c...
..\MY\lcd\lcd.h(68): warning:  #1295-D: Deprecated declaration waitkey - give arg types
  void waitkey();
..\MY\lcd\lcd.h(74): warning:  #1295-D: Deprecated declaration initial_lcd - give arg types
  void initial_lcd();
..\MY\lcd\lcd.h(79): warning:  #1295-D: Deprecated declaration clear_screen - give arg types
  void clear_screen();
..\MY\lcd\lcd.h(118): warning:  #1295-D: Deprecated declaration get_data_from_ROM - give arg types
  static 
char get_data_from_ROM( );
..\MY\code\chinese_code.c: 4 warnings, 0 errors
compiling timer.c...
..\MY\TIMER\timer.c(379): warning:  #1-D: last line of file ends without a newline
  }
..\MY\TIMER\timer.c: 1 warning, 0 errors
compiling oled.c...
compiling lcd.c...
..\MY\lcd\lcd.h(68): warning:  #1295-D: Deprecated declaration waitkey - give arg types
  void waitkey();
..\MY\lcd\lcd.h(74): warning:  #1295-D: Deprecated declaration initial_lcd - give arg types
  void initial_lcd();
..\MY\lcd\lcd.h(79): warning:  #1295-D: Deprecated declaration clear_screen - give arg types
  void clear_screen();
..\MY\lcd\lcd.h(118): warning:  #1295-D: Deprecated declaration get_data_from_ROM - give arg types
  static 
char get_data_from_ROM( );
..\MY\lcd\lcd.c(361): warning:  #177-D: variable "i"  was declared but never referenced
  	int i,j,start_pos; 
..\MY\lcd\lcd.c(427): warning:  #174-D: expression has no effect
  			
om_SCK_off;
..\MY\lcd\lcd.c(429): warning:  #174-D: expression has no effect
  			
om_IN_on ;
..\MY\lcd\lcd.c(431): warning:  #174-D: expression has no effect
  			
om_IN_on ;
..\MY\lcd\lcd.c(433): warning:  #174-D: expression has no effect
  			
om_SCK_on;
..\MY\lcd\lcd.c(446): warning:  #174-D: expression has no effect
  		
om_OUT_on;
..\MY\lcd\lcd.c(447): warning:  #174-D: expression has no effect
  		
om_SCK_off;
..\MY\lcd\lcd.c(454): warning:  #174-D: expression has no effect
  		
om_SCK_on;
..\MY\lcd\lcd.c(466): warning:  #174-D: expression has no effect
  	
om_CS_off;
..\MY\lcd\lcd.c(481): warning:  #174-D: expression has no effect
  	
om_CS_on;
..\MY\lcd\lcd.c(488): warning:  #174-D: expression has no effect
  	
om_CS_off;
..\MY\lcd\lcd.c(503): warning:  #174-D: expression has no effect
  	
om_CS_on;
..\MY\lcd\lcd.c(512): warning:  #550-D: variable "temp1"  was set but never used
  	uchar i= 0,temp1,temp2;
..\MY\lcd\lcd.c(512): warning:  #550-D: variable "temp2"  was set but never used
  	uchar i= 0,temp1,temp2;
..\MY\lcd\lcd.c(563): warning:  #177-D: variable "line_Ofset"  was declared but never referenced
  	u8 line_Ofset=3;
..\MY\lcd\lcd.c(644): warning:  #177-D: variable "Thousand_Bit"  was declared but never referenced
  		u8 Thousand_Bit,Hund_Bit,Ten_Bit,Unit_bit;	
..\MY\lcd\lcd.c: 20 warnings, 0 errors
linking...
Program Size: Code=12814 RO-data=12882 RW-data=44 ZI-data=1660  
FromELF: creating hex file...
"..\OBJ\test.axf" - 0 Error(s), 31 Warning(s).
Build Time Elapsed:  00:00:04
</pre>
</body>
</html>
