<html>
<body>
<pre>
<h1>µVision Build Log</h1>
<h2>Tool Versions:</h2>
IDE-Version: ¦ÌVision V5.24.2.0
Copyright (C) 2017 ARM Ltd and ARM Germany GmbH. All rights reserved.
License Information: m Microsoft, Microsoft, LIC=Y2BVE-5BD8Z-672RS-LK0TA-S84HK-RMFBD
 
Tool Versions:
Toolchain:       MDK-ARM Professional  Version: 5.24.1
Toolchain Path:  C:\Keil_v5\ARM\ARMCC\Bin
C Compiler:      Armcc.exe V5.06 update 5 (build 528)
Assembler:       Armasm.exe V5.06 update 5 (build 528)
Linker/Locator:  ArmLink.exe V5.06 update 5 (build 528)
Library Manager: ArmAr.exe V5.06 update 5 (build 528)
Hex Converter:   FromElf.exe V5.06 update 5 (build 528)
CPU DLL:         SARMCM3.DLL V5.24.1
Dialog DLL:      DARMSTM.DLL V1.68.0.0
Target DLL:      STLink\ST-LINKIII-KEIL_SWO.dll V3.0.1.0
Dialog DLL:      TARMSTM.DLL V1.66.0.0
 
<h2>Project:</h2>
H:\STM32F103C8T6_PWM_gen_HighP_CP\USER\test.uvproj
Project File Date:  04/16/2020

<h2>Output:</h2>
*** Using Compiler 'V5.06 update 5 (build 528)', folder: 'C:\Keil_v5\ARM\ARMCC\Bin'
Build target 'Target 1'
compiling main.c...
H:\MY\display\display.h(19): warning:  #1295-D: Deprecated declaration xianshi - give arg types
  void xianshi();
main.c(189): warning:  #188-D: enumerated type mixed with another type
  	Usart_Config_State=!GPIO_ReadInputDataBit(
PIOB,
PIO_Pin_12);
main.c(113): warning:  #177-D: variable "LED_State_01"  was declared but never referenced
  	bool LED_State_01,Usart_Config_State;
main.c(115): warning:  #177-D: variable "ADC_ConvertedValueLocal"  was declared but never referenced
  	uint16_t ADC_ConvertedValueLocal,ADC_ConvertedValueLocal2; 
main.c(115): warning:  #550-D: variable "ADC_ConvertedValueLocal2"  was set but never used
  	uint16_t ADC_ConvertedValueLocal,ADC_ConvertedValueLocal2; 
main.c(119): warning:  #177-D: variable "Send_Buf_index"  was declared but never referenced
  	uint8_t ADC_index_i, Send_Buf_index;
main.c(121): warning:  #177-D: variable "key"  was declared but never referenced
  	u8 key=0;
main.c: 7 warnings, 0 errors
linking...
Program Size: Code=20284 RO-data=7396 RW-data=144 ZI-data=19504  
FromELF: creating hex file...
"..\OBJ\test.axf" - 0 Error(s), 7 Warning(s).
Build Time Elapsed:  00:00:01
</pre>
</body>
</html>
